[{"_id":"5aa72fb4a3a36d3548ebe829","call":{"eventNbr":20170001010,"created":"2017-10-20T04:02:53.000Z","eventType":"04OR","src":"ONV","units":[{"_id":"5a90d17f1672d40881a6aa90","deptID":100,"name":{"last":"Andrews","first":"Jordan"},"squad":"Alpha"},{"_id":"5a90d17f1672d40881a6aa92","deptID":101,"name":{"last":"Baker","first":"Kyle"},"squad":"Alpha"}],"primaryUnit":{"_id":"5a90d17f1672d40881a6aa90","deptID":531,"name":{"last":"Deltona","first":"Dan"},"squad":"Alpha"},"disps":["P"]},"reports":[{"caseNbr":"201710004328","reportDate":"2017-10-20T04:02:53.000Z","type":"OR","offenses":[{"statue":"810.01","statuteDesc":"Burglary","ucrCode":"100A","ucrDesc":"Burglary","ncicLevel":"F"}],"clearance":"Arrest","reportingOfc":{"_id":"5a90d17f1672d40881a6aa90","deptID":100,"name":{"last":"Andrews","first":"Jordan"}}}]},{"_id":"5aa72fb4a3a36d3548ebe82b","call":{"eventNbr":20170002003,"created":"2017-11-01T04:02:53.000Z","eventType":"87HOR","src":"ONV","units":[{"_id":"5a90d17f1672d40881a6aa90","deptID":100,"name":{"last":"Andrews","first":"Jordan"},"squad":"Alpha"},{"_id":"5a90d17f1672d40881a6aa92","deptID":101,"name":{"last":"Baker","first":"Kyle"},"squad":"Alpha"}],"primaryUnit":{"_id":"5a90d17f1672d40881a6aa90","deptID":531,"name":{"last":"Deltona","first":"Dan"},"squad":"Alpha"},"disps":["P"]},"reports":[{"caseNbr":"201710004283","reportDate":"2017-11-01T04:02:53.000Z","type":"OR","offenses":[{"statue":"810.01","statuteDesc":"Burglary","ucrCode":"100A","ucrDesc":"Burglary","ncicLevel":"F"}],"clearance":"Arrest","reportingOfc":{"_id":"5a90d17f1672d40881a6aa90","deptID":100,"name":{"last":"Andrews","first":"Jordan"}}}]}]