{"result":{"ok":1,"n":1},"ops":[{"call":{"eventNbr":20170001013,"created":"2017-10-26T04:02:53.000Z","eventType":"VEH","src":"ONV","units":[{"_id":"5a90d17f1672d40881a6aa90","deptID":100,"name":{"last":"Andrews","first":"Jordan"},"squad":"Alpha"},{"_id":"5a90d17f1672d40881a6aa92","deptID":101,"name":{"last":"Baker","first":"Kyle"},"squad":"Alpha"}],"primaryUnit":{"_id":"5a90d17f1672d40881a6aa90","deptID":100,"name":{"last":"Andrews","first":"Jordan"},"squad":"Alpha"},"disps":["P"]},"reports":[{"caseNbr":"201710004334","reportDate":"2017-10-26T04:02:53.000Z","type":"OR","offenses":[{"statue":"810.01","statuteDesc":"Burglary","ucrCode":"100A","ucrDesc":"Burglary","ncicLevel":"F"}],"clearance":"Arrest","reportingOfc":{"_id":"5a90d17f1672d40881a6aa90","deptID":100,"name":{"last":"Andrews","first":"Jordan"}}}],"_id":"5aa5eb37bb1d9b6fa383ce05"}],"insertedCount":1,"insertedIds":{"0":"5aa5eb37bb1d9b6fa383ce05"}}