[{"_id":"5aa867fdf95e15779575e6cc","call":{"eventNbr":20170001023,"created":"2017-10-31T04:02:53.000Z","eventType":"50IR","src":"ONV","units":[{"_id":"5a90d17f1672d40881a6aa90","deptID":100,"name":{"last":"Andrews","first":"Jordan"},"squad":"Alpha"},{"_id":"5a90d17f1672d40881a6aa92","deptID":101,"name":{"last":"Baker","first":"Kyle"},"squad":"Alpha"}],"primaryUnit":{"_id":"5a90d17f1672d40881a6aa90","deptID":100,"name":{"last":"Andrews","first":"Jordan"},"squad":"Alpha"},"disps":["P"]},"reports":[{"caseNbr":"201710004671","reportDate":"2017-10-31T04:02:53.000Z","type":"OR","offenses":[{"statue":"810.01","statuteDesc":"Burglary","ucrCode":"100A","ucrDesc":"Burglary","ncicLevel":"F"}],"clearance":"Arrest","reportingOfc":{"_id":"5a90d17f1672d40881a6aa90","deptID":100,"name":{"last":"Andrews","first":"Jordan"}}}]}]