{"result":{"ok":1,"n":12},"ops":[{"call":{"eventNbr":20170001001,"created":"2017-10-01T04:02:53.000Z","eventType":"87HOR","src":"ONV","units":[{"_id":"5a90d17f1672d40881a6aa90","deptID":100,"name":{"last":"Andrews","first":"Jordan"},"squad":"Alpha"},{"_id":"5a90d17f1672d40881a6aa92","deptID":101,"name":{"last":"Baker","first":"Kyle"},"squad":"Alpha"}],"primaryUnit":{"_id":"5a90d17f1672d40881a6aa90","deptID":100,"name":{"last":"Andrews","first":"Jordan"},"squad":"Alpha"},"disps":["P"]},"reports":[{"caseNbr":"201710004321","reportDate":"2017-10-01T04:02:53.000Z","type":"OR","offenses":[{"statue":"810.01","statuteDesc":"Burglary","ucrCode":"100A","ucrDesc":"Burglary","ncicLevel":"F"}],"clearance":"Arrest","reportingOfc":{"_id":"5a90d17f1672d40881a6aa90","deptID":100,"name":{"last":"Andrews","first":"Jordan"}}}],"_id":"5aa867fdf95e15779575e6c7"},{"call":{"eventNbr":20170001002,"created":"2017-10-04T04:02:53.000Z","eventType":"87HOR","src":"ONV","units":[{"_id":"5a90d17f1672d40881a6aa90","deptID":100,"name":{"last":"Andrews","first":"Jordan"},"squad":"Alpha"},{"_id":"5a90d17f1672d40881a6aa92","deptID":101,"name":{"last":"Baker","first":"Kyle"},"squad":"Alpha"}],"primaryUnit":{"_id":"5a90d17f1672d40881a6aa90","deptID":100,"name":{"last":"Andrews","first":"Jordan"},"squad":"Alpha"},"disps":["P"]},"reports":[{"caseNbr":"201710004322","reportDate":"2017-10-04T04:02:53.000Z","type":"OR","offenses":[{"statue":"810.01","statuteDesc":"Burglary","ucrCode":"100A","ucrDesc":"Burglary","ncicLevel":"F"}],"clearance":"Arrest","reportingOfc":{"_id":"5a90d17f1672d40881a6aa90","deptID":100,"name":{"last":"Andrews","first":"Jordan"}}}],"_id":"5aa867fdf95e15779575e6c8"},{"call":{"eventNbr":20170001006,"created":"2017-10-12T04:02:53.000Z","eventType":"87HOR","src":"ONV","units":[{"_id":"5a90d17f1672d40881a6aa90","deptID":100,"name":{"last":"Andrews","first":"Jordan"},"squad":"Alpha"},{"_id":"5a90d17f1672d40881a6aa92","deptID":101,"name":{"last":"Baker","first":"Kyle"},"squad":"Alpha"}],"primaryUnit":{"_id":"5a90d17f1672d40881a6aa90","deptID":100,"name":{"last":"Andrews","first":"Jordan"},"squad":"Alpha"},"disps":["P"]},"reports":[{"caseNbr":"201710002321","reportDate":"2017-10-12T04:02:53.000Z","type":"OR","offenses":[{"statue":"810.01","statuteDesc":"Burglary","ucrCode":"100A","ucrDesc":"Burglary","ncicLevel":"F"}],"clearance":"Arrest","reportingOfc":{"_id":"5a90d17f1672d40881a6aa90","deptID":100,"name":{"last":"Andrews","first":"Jordan"}}}],"_id":"5aa867fdf95e15779575e6c9"},{"call":{"eventNbr":20170001008,"created":"2017-10-16T04:02:53.000Z","eventType":"87HOR","src":"ONV","units":[{"_id":"5a90d17f1672d40881a6aa90","deptID":100,"name":{"last":"Andrews","first":"Jordan"},"squad":"Alpha"},{"_id":"5a90d17f1672d40881a6aa92","deptID":101,"name":{"last":"Baker","first":"Kyle"},"squad":"Alpha"}],"primaryUnit":{"_id":"5a90d17f1672d40881a6aa90","deptID":100,"name":{"last":"Andrews","first":"Jordan"},"squad":"Alpha"},"disps":["P"]},"reports":[{"caseNbr":"201710002321","reportDate":"2017-10-16T04:02:53.000Z","type":"OR","offenses":[{"statue":"810.01","statuteDesc":"Burglary","ucrCode":"100A","ucrDesc":"Burglary","ncicLevel":"F"}],"clearance":"Arrest","reportingOfc":{"_id":"5a90d17f1672d40881a6aa90","deptID":100,"name":{"last":"Andrews","first":"Jordan"}}}],"_id":"5aa867fdf95e15779575e6ca"},{"call":{"eventNbr":20170001010,"created":"2017-10-20T04:02:53.000Z","eventType":"04OR","src":"ONV","units":[{"_id":"5a90d17f1672d40881a6aa90","deptID":100,"name":{"last":"Andrews","first":"Jordan"},"squad":"Alpha"},{"_id":"5a90d17f1672d40881a6aa92","deptID":101,"name":{"last":"Baker","first":"Kyle"},"squad":"Alpha"}],"primaryUnit":{"_id":"5a90d17f1672d40881a6aa90","deptID":531,"name":{"last":"Deltona","first":"Dan"},"squad":"Alpha"},"disps":["P"]},"reports":[{"caseNbr":"201710004328","reportDate":"2017-10-20T04:02:53.000Z","type":"OR","offenses":[{"statue":"810.01","statuteDesc":"Burglary","ucrCode":"100A","ucrDesc":"Burglary","ncicLevel":"F"}],"clearance":"Arrest","reportingOfc":{"_id":"5a90d17f1672d40881a6aa90","deptID":100,"name":{"last":"Andrews","first":"Jordan"}}}],"_id":"5aa867fdf95e15779575e6cb"},{"call":{"eventNbr":20170001023,"created":"2017-10-31T04:02:53.000Z","eventType":"50IR","src":"ONV","units":[{"_id":"5a90d17f1672d40881a6aa90","deptID":100,"name":{"last":"Andrews","first":"Jordan"},"squad":"Alpha"},{"_id":"5a90d17f1672d40881a6aa92","deptID":101,"name":{"last":"Baker","first":"Kyle"},"squad":"Alpha"}],"primaryUnit":{"_id":"5a90d17f1672d40881a6aa90","deptID":100,"name":{"last":"Andrews","first":"Jordan"},"squad":"Alpha"},"disps":["P"]},"reports":[{"caseNbr":"201710004671","reportDate":"2017-10-31T04:02:53.000Z","type":"OR","offenses":[{"statue":"810.01","statuteDesc":"Burglary","ucrCode":"100A","ucrDesc":"Burglary","ncicLevel":"F"}],"clearance":"Arrest","reportingOfc":{"_id":"5a90d17f1672d40881a6aa90","deptID":100,"name":{"last":"Andrews","first":"Jordan"}}}],"_id":"5aa867fdf95e15779575e6cc"},{"call":{"eventNbr":20170002003,"created":"2017-11-01T04:02:53.000Z","eventType":"87HOR","src":"ONV","units":[{"_id":"5a90d17f1672d40881a6aa90","deptID":100,"name":{"last":"Andrews","first":"Jordan"},"squad":"Alpha"},{"_id":"5a90d17f1672d40881a6aa92","deptID":101,"name":{"last":"Baker","first":"Kyle"},"squad":"Alpha"}],"primaryUnit":{"_id":"5a90d17f1672d40881a6aa90","deptID":531,"name":{"last":"Deltona","first":"Dan"},"squad":"Alpha"},"disps":["P"]},"reports":[{"caseNbr":"201710004283","reportDate":"2017-11-01T04:02:53.000Z","type":"OR","offenses":[{"statue":"810.01","statuteDesc":"Burglary","ucrCode":"100A","ucrDesc":"Burglary","ncicLevel":"F"}],"clearance":"Arrest","reportingOfc":{"_id":"5a90d17f1672d40881a6aa90","deptID":100,"name":{"last":"Andrews","first":"Jordan"}}}],"_id":"5aa867fdf95e15779575e6cd"},{"call":{"eventNbr":20170002379,"created":"2017-11-12T04:02:53.000Z","eventType":"87HOR","src":"ONV","units":[{"_id":"5a90d17f1672d40881a6aa90","deptID":100,"name":{"last":"Andrews","first":"Jordan"},"squad":"Alpha"},{"_id":"5a90d17f1672d40881a6aa92","deptID":101,"name":{"last":"Baker","first":"Kyle"},"squad":"Alpha"}],"primaryUnit":{"_id":"5a90d17f1672d40881a6aa90","deptID":100,"name":{"last":"Andrews","first":"Jordan"},"squad":"Alpha"},"disps":["P"]},"reports":[{"caseNbr":"201710008261","reportDate":"2017-11-12T04:02:53.000Z","type":"OR","offenses":[{"statue":"810.01","statuteDesc":"Burglary","ucrCode":"100A","ucrDesc":"Burglary","ncicLevel":"F"}],"clearance":"Arrest","reportingOfc":{"_id":"5a90d17f1672d40881a6aa90","deptID":100,"name":{"last":"Andrews","first":"Jordan"}}}],"_id":"5aa867fdf95e15779575e6ce"},{"call":{"eventNbr":20170007812,"created":"2017-11-19T04:02:53.000Z","eventType":"87HOR","src":"ONV","units":[{"_id":"5a90d17f1672d40881a6aa90","deptID":100,"name":{"last":"Andrews","first":"Jordan"},"squad":"Alpha"},{"_id":"5a90d17f1672d40881a6aa92","deptID":101,"name":{"last":"Baker","first":"Kyle"},"squad":"Alpha"}],"primaryUnit":{"_id":"5a90d17f1672d40881a6aa90","deptID":100,"name":{"last":"Andrews","first":"Jordan"},"squad":"Alpha"},"disps":["P"]},"reports":[{"caseNbr":"201710001923","reportDate":"2017-11-19T04:02:53.000Z","type":"OR","offenses":[{"statue":"810.01","statuteDesc":"Burglary","ucrCode":"100A","ucrDesc":"Burglary","ncicLevel":"F"}],"clearance":"Arrest","reportingOfc":{"_id":"5a90d17f1672d40881a6aa90","deptID":100,"name":{"last":"Andrews","first":"Jordan"}}}],"_id":"5aa867fdf95e15779575e6cf"},{"call":{"eventNbr":20170007812,"created":"2017-11-23T04:02:53.000Z","eventType":"22NIR","src":"ONV","units":[{"_id":"5a90d17f1672d40881a6aa90","deptID":100,"name":{"last":"Andrews","first":"Jordan"},"squad":"Alpha"},{"_id":"5a90d17f1672d40881a6aa92","deptID":101,"name":{"last":"Baker","first":"Kyle"},"squad":"Alpha"}],"primaryUnit":{"_id":"5a90d17f1672d40881a6aa90","deptID":100,"name":{"last":"Andrews","first":"Jordan"},"squad":"Alpha"},"disps":["P"]},"reports":[{"caseNbr":"2017CJ003476","reportDate":"2017-11-23T04:02:53.000Z","type":"OR","offenses":[{"statue":"810.01","statuteDesc":"You got me!","ucrCode":"100A","ucrDesc":"Burglary","ncicLevel":"F"}],"clearance":"Arrest","reportingOfc":{"_id":"5a90d17f1672d40881a6aa90","deptID":100,"name":{"last":"Andrews","first":"Jordan"}}}],"_id":"5aa867fdf95e15779575e6d0"},{"call":{"eventNbr":20170002137,"created":"2017-12-01T04:02:53.000Z","eventType":"38IR","src":"ONV","units":[{"_id":"5a90d17f1672d40881a6aa90","deptID":100,"name":{"last":"Andrews","first":"Jordan"},"squad":"Alpha"},{"_id":"5a90d17f1672d40881a6aa92","deptID":101,"name":{"last":"Baker","first":"Kyle"},"squad":"Alpha"}],"primaryUnit":{"_id":"5a90d17f1672d40881a6aa90","deptID":100,"name":{"last":"Andrews","first":"Jordan"},"squad":"Alpha"},"disps":["P"]},"reports":[{"caseNbr":"201710002137","reportDate":"2017-12-01T04:02:53.000Z","type":"OR","offenses":[{"statue":"810.01","statuteDesc":"Burglary","ucrCode":"100A","ucrDesc":"Burglary","ncicLevel":"F"}],"clearance":"Arrest","reportingOfc":{"_id":"5a90d17f1672d40881a6aa90","deptID":100,"name":{"last":"Andrews","first":"Jordan"}}}],"_id":"5aa867fdf95e15779575e6d1"},{"call":{"eventNbr":20170992367,"created":"2017-12-25T04:02:53.000Z","eventType":"87HOR","src":"ONV","units":[{"_id":"5a90d17f1672d40881a6aa90","deptID":100,"name":{"last":"Andrews","first":"Jordan"},"squad":"Alpha"},{"_id":"5a90d17f1672d40881a6aa92","deptID":101,"name":{"last":"Baker","first":"Kyle"},"squad":"Alpha"}],"primaryUnit":{"_id":"5a90d17f1672d40881a6aa90","deptID":100,"name":{"last":"Andrews","first":"Jordan"},"squad":"Alpha"},"disps":["P"]},"reports":[{"caseNbr":"2017FC002367","reportDate":"2017-12-25T04:02:53.000Z","type":"OR","offenses":[{"statue":"810.01","statuteDesc":"Burglary","ucrCode":"100A","ucrDesc":"Burglary","ncicLevel":"F"}],"clearance":"Arrest","reportingOfc":{"_id":"5a90d17f1672d40881a6aa90","deptID":100,"name":{"last":"Andrews","first":"Jordan"}}}],"_id":"5aa867fdf95e15779575e6d2"}],"insertedCount":12,"insertedIds":{"0":"5aa867fdf95e15779575e6c7","1":"5aa867fdf95e15779575e6c8","2":"5aa867fdf95e15779575e6c9","3":"5aa867fdf95e15779575e6ca","4":"5aa867fdf95e15779575e6cb","5":"5aa867fdf95e15779575e6cc","6":"5aa867fdf95e15779575e6cd","7":"5aa867fdf95e15779575e6ce","8":"5aa867fdf95e15779575e6cf","9":"5aa867fdf95e15779575e6d0","10":"5aa867fdf95e15779575e6d1","11":"5aa867fdf95e15779575e6d2"}}