[{"_id":"5aa730f4dbe3a3372069412a","call":{"eventNbr":20170001013,"created":"2017-10-26T04:02:53.000Z","eventType":"01IU","src":"Big Ass Episode","units":[{"_id":"5a90d17f1672d40881a6aa90","deptID":100,"name":{"last":"Andrews","first":"Jordan"},"squad":"Alpha"},{"_id":"5a90d17f1672d40881a6aa92","deptID":101,"name":{"last":"Baker","first":"Kyle"},"squad":"Alpha"},{"_id":"5a90d17f1672d40881a6aa92","deptID":101,"name":{"last":"Baker","first":"Kyle"},"squad":"Alpha"},{"_id":"5a90d17f1672d40881a6aa92","deptID":101,"name":{"last":"Baker","first":"Kyle"},"squad":"Alpha"},{"_id":"5a90d17f1672d40881a6aa92","deptID":101,"name":{"last":"Baker","first":"Kyle"},"squad":"Alpha"},{"_id":"5a90d17f1672d40881a6aa92","deptID":101,"name":{"last":"Baker","first":"Kyle"},"squad":"Alpha"},{"_id":"5a90d17f1672d40881a6aa92","deptID":101,"name":{"last":"Baker","first":"Kyle"},"squad":"Alpha"},{"_id":"5a90d17f1672d40881a6aa92","deptID":101,"name":{"last":"Baker","first":"Kyle"},"squad":"Alpha"},{"_id":"5a90d17f1672d40881a6aa92","deptID":101,"name":{"last":"Baker","first":"Kyle"},"squad":"Alpha"},{"_id":"5a90d17f1672d40881a6aa92","deptID":101,"name":{"last":"Baker","first":"Kyle"},"squad":"Alpha"},{"_id":"5a90d17f1672d40881a6aa92","deptID":101,"name":{"last":"Baker","first":"Kyle"},"squad":"Alpha"},{"_id":"5a90d17f1672d40881a6aa92","deptID":101,"name":{"last":"Baker","first":"Kyle"},"squad":"Alpha"},{"_id":"5a90d17f1672d40881a6aa92","deptID":101,"name":{"last":"Baker","first":"Kyle"},"squad":"Alpha"},{"_id":"5a90d17f1672d40881a6aa92","deptID":101,"name":{"last":"Baker","first":"Kyle"},"squad":"Alpha"},{"_id":"5a90d17f1672d40881a6aa92","deptID":101,"name":{"last":"Baker","first":"Kyle"},"squad":"Alpha"},{"_id":"5a90d17f1672d40881a6aa92","deptID":101,"name":{"last":"Baker","first":"Kyle"},"squad":"Alpha"}],"primaryUnit":{"_id":"5a90d17f1672d40881a6aa90","deptID":100,"name":{"last":"Andrews","first":"Jordan"},"squad":"Alpha"},"disps":["P"]},"reports":[{"caseNbr":"201710004334","reportDate":"2017-10-26T04:02:53.000Z","type":"OR","offenses":[{"statue":"810.01","statuteDesc":"Burglary","ucrCode":"100A","ucrDesc":"Burglary","ncicLevel":"F"}],"clearance":"Arrest","reportingOfc":{"_id":"5a90d17f1672d40881a6aa90","deptID":100,"name":{"last":"Andrews","first":"Jordan"}}},{"caseNbr":"201710004334","reportDate":"2017-10-26T04:02:53.000Z","type":"OR","offenses":[{"statue":"810.01","statuteDesc":"Burglary","ucrCode":"100A","ucrDesc":"Burglary","ncicLevel":"F"}],"clearance":"Arrest","reportingOfc":{"_id":"5a90d17f1672d40881a6aa90","deptID":100,"name":{"last":"Andrews","first":"Jordan"}}},{"caseNbr":"201710004334","reportDate":"2017-10-26T04:02:53.000Z","type":"OR","offenses":[{"statue":"810.01","statuteDesc":"Burglary","ucrCode":"100A","ucrDesc":"Burglary","ncicLevel":"F"}],"clearance":"Arrest","reportingOfc":{"_id":"5a90d17f1672d40881a6aa90","deptID":100,"name":{"last":"Andrews","first":"Jordan"}}},{"caseNbr":"201710004334","reportDate":"2017-10-26T04:02:53.000Z","type":"OR","offenses":[{"statue":"810.01","statuteDesc":"Burglary","ucrCode":"100A","ucrDesc":"Burglary","ncicLevel":"F"}],"clearance":"Arrest","reportingOfc":{"_id":"5a90d17f1672d40881a6aa90","deptID":100,"name":{"last":"Andrews","first":"Jordan"}}},{"caseNbr":"201710004334","reportDate":"2017-10-26T04:02:53.000Z","type":"OR","offenses":[{"statue":"810.01","statuteDesc":"Burglary","ucrCode":"100A","ucrDesc":"Burglary","ncicLevel":"F"}],"clearance":"Arrest","reportingOfc":{"_id":"5a90d17f1672d40881a6aa90","deptID":100,"name":{"last":"Andrews","first":"Jordan"}}},{"caseNbr":"201710004334","reportDate":"2017-10-26T04:02:53.000Z","type":"OR","offenses":[{"statue":"810.01","statuteDesc":"Burglary","ucrCode":"100A","ucrDesc":"Burglary","ncicLevel":"F"}],"clearance":"Arrest","reportingOfc":{"_id":"5a90d17f1672d40881a6aa90","deptID":100,"name":{"last":"Andrews","first":"Jordan"}}},{"caseNbr":"201710004334","reportDate":"2017-10-26T04:02:53.000Z","type":"OR","offenses":[{"statue":"810.01","statuteDesc":"Burglary","ucrCode":"100A","ucrDesc":"Burglary","ncicLevel":"F"}],"clearance":"Arrest","reportingOfc":{"_id":"5a90d17f1672d40881a6aa90","deptID":100,"name":{"last":"Andrews","first":"Jordan"}}},{"caseNbr":"201710004334","reportDate":"2017-10-26T04:02:53.000Z","type":"OR","offenses":[{"statue":"810.01","statuteDesc":"Burglary","ucrCode":"100A","ucrDesc":"Burglary","ncicLevel":"F"}],"clearance":"Arrest","reportingOfc":{"_id":"5a90d17f1672d40881a6aa90","deptID":100,"name":{"last":"Andrews","first":"Jordan"}}},{"caseNbr":"201710004334","reportDate":"2017-10-26T04:02:53.000Z","type":"OR","offenses":[{"statue":"810.01","statuteDesc":"Burglary","ucrCode":"100A","ucrDesc":"Burglary","ncicLevel":"F"}],"clearance":"Arrest","reportingOfc":{"_id":"5a90d17f1672d40881a6aa90","deptID":100,"name":{"last":"Andrews","first":"Jordan"}}},{"caseNbr":"201710004334","reportDate":"2017-10-26T04:02:53.000Z","type":"OR","offenses":[{"statue":"810.01","statuteDesc":"Burglary","ucrCode":"100A","ucrDesc":"Burglary","ncicLevel":"F"}],"clearance":"Arrest","reportingOfc":{"_id":"5a90d17f1672d40881a6aa90","deptID":100,"name":{"last":"Andrews","first":"Jordan"}}},{"caseNbr":"201710004334","reportDate":"2017-10-26T04:02:53.000Z","type":"OR","offenses":[{"statue":"810.01","statuteDesc":"Burglary","ucrCode":"100A","ucrDesc":"Burglary","ncicLevel":"F"}],"clearance":"Arrest","reportingOfc":{"_id":"5a90d17f1672d40881a6aa90","deptID":100,"name":{"last":"Andrews","first":"Jordan"}}},{"caseNbr":"201710004334","reportDate":"2017-10-26T04:02:53.000Z","type":"OR","offenses":[{"statue":"810.01","statuteDesc":"Burglary","ucrCode":"100A","ucrDesc":"Burglary","ncicLevel":"F"}],"clearance":"Arrest","reportingOfc":{"_id":"5a90d17f1672d40881a6aa90","deptID":100,"name":{"last":"Andrews","first":"Jordan"}}}]}]
